--- Starting MCP End-to-End Test ---

1. Testing /mcp/servers...
FAIL: Could not fetch servers. TypeError: fetch failed
    at node:internal/deps/undici/undici:15845:13
    at process.processTicksAndRejections (node:internal/process/task_queues:103:5)
    at async testMcp (file:///C:/Users/Administrator/wolf/AI/Lexi/lexi/test_mcp.js:11:28) {
  [cause]: AggregateError [ECONNREFUSED]: 
      at internalConnectMultiple (node:net:1134:18)
      at afterConnectMultiple (node:net:1715:7) {
    code: 'ECONNREFUSED',
    [errors]: [ [Error], [Error] ]
  }
}
